delete from local and central from bash:


ravin@DESKTOP-MQ333NB MINGW64 ~/practice/GIT_PRACTICE/my2ndrepo (main)
$ git rm f1.txt
rm 'f1.txt'

ravin@DESKTOP-MQ333NB MINGW64 ~/practice/GIT_PRACTICE/my2ndrepo (main)
$ git status
On branch main
Your branch is up to date with 'origin/main'.
